// Jest Snapshot v1, https://goo.gl/fbAQLP

exports[`<counter /> renders correctly 1`] = `
<section
  className="counter"
>
  <a
    className="down clicker"
    href="#"
    onClick={[Function]}
  >
    <svg
      height="1792"
      style={
        Object {
          "fill": "green",
        }
      }
      viewBox="0 0 1792 1792"
      width="1792"
    >
      <path
        d="M1600 736v192q0 40-28 68t-68 28h-416v416q0 40-28 68t-68 28h-192q-40 0-68-28t-28-68v-416h-416q-40 0-68-28t-28-68v-192q0-40 28-68t68-28h416v-416q0-40 28-68t68-28h192q40 0 68 28t28 68v416h416q40 0 68 28t28 68z"
      />
    </svg>
  </a>
  <span
    className="count "
  >
    0
  </span>
  <a
    className="up clicker"
    href="#"
    onClick={[Function]}
  >
    <svg
      height="1792"
      style={
        Object {
          "fill": "red",
        }
      }
      viewBox="0 0 1792 1792"
      width="1792"
    >
      <path
        d="M1600 736v192q0 40-28 68t-68 28h-1216q-40 0-68-28t-28-68v-192q0-40 28-68t68-28h1216q40 0 68 28t28 68z"
      />
    </svg>
  </a>
</section>
`;
